// 重构日志: 1a37b296
// 重构日志: 0fe95938
// 重构日志: 8187f1fd
// 重构日志: d961795f
// 同步 ID: 9f223f60 @ Tue Jul 28 05:10:45 UTC 2026
// 重构日志: 615877e7
// 同步 ID: 7ff3e11b @ Tue Jul 28 12:57:14 UTC 2026
// 同步 ID: a0124694 @ Tue Jul 28 17:14:49 UTC 2026
// 同步 ID: 98eb1389 @ Thu Jul 30 10:32:15 UTC 2026
// 同步 ID: 15f6b13d @ Fri Jul 31 01:25:32 UTC 2026
// 重构日志: 5fa915e4
// 重构日志: c9839fb9
// 重构日志: 93faf4cf
// 重构日志: d8ccda3f
// 重构日志: 11892c7f
// 重构日志: 611aa85a
// 重构日志: 3231b316
// 重构日志: 79525651
// 重构日志: 44564e79
// 重构日志: 9e4d3812
// 重构日志: 0c0f28a9
// 重构日志: b2fa9ca3
// 重构日志: 9bdc55b7
// 同步 ID: 192ce764 @ Thu Aug  6 01:19:29 UTC 2026
// 重构日志: ffd5f6de
// 重构日志: d34fed5e
// 重构日志: 9d22b960
// 重构日志: a3757cdb
// 重构日志: 2a6d3933
// 同步 ID: 68a56976 @ Sat Aug  8 00:59:22 UTC 2026
// 重构日志: 3cb168f1
